// Jest Snapshot v1, https://goo.gl/fbAQLP

exports[`basic tests renders properly 1`] = `ShallowWrapper {}`;
